[themesflat.com/html/kababi/index.html]
[backblue.gif]
[fade.gif]
[index.html]
[themesflat.com/html/kababi/assets/css/style.css]
[themesflat.com/html/kababi/assets/icon/favicon.png]
[themesflat.com/html/kababi/assets/icon/logo.png]
[themesflat.com/html/kababi/assets/img/logo/logo.png]
[themesflat.com/html/kababi/home2.html]
[themesflat.com/html/kababi/home3.html]
[themesflat.com/html/kababi/about.html]
[themesflat.com/html/kababi/our-chefs.html]
[themesflat.com/html/kababi/our-menu.html]
[themesflat.com/html/kababi/our-menu2.html]
[themesflat.com/html/kababi/reservation.html]
[themesflat.com/html/kababi/our-shop.html]
[themesflat.com/html/kababi/shop-details.html]
[themesflat.com/html/kababi/contact.html]
[themesflat.com/html/kababi/assets/img/slider/img_bg2.png]
[themesflat.com/html/kababi/assets/img/gallery/imgfood1.png]
[themesflat.com/html/kababi/assets/img/gallery/imgfood2.jpg]
[themesflat.com/html/kababi/assets/img/gallery/imgfood3.png]
[themesflat.com/html/kababi/assets/img/about-us/iconbgabout.png]
[themesflat.com/html/kababi/assets/img/about-us/img_aboutus_home1.jpg]
[themesflat.com/html/kababi/assets/img/our-menu/img2bg-our-menu.jpg]
[themesflat.com/html/kababi/assets/img/our-menu/imgbg-our-menu.jpg]
[themesflat.com/html/kababi/assets/img/gallery/img1gallerybox.jpg]
[themesflat.com/html/kababi/assets/img/gallery/img2gallerybox.jpg]
[themesflat.com/html/kababi/assets/img/gallery/img3gallerybox.jpg]
[themesflat.com/html/kababi/assets/img/gallery/img4gallerybox.jpg]
[themesflat.com/html/kababi/assets/img/gallery/img5gallerybox.jpg]
[themesflat.com/html/kababi/assets/img/gallery/img6gallerybox.jpg]
[themesflat.com/html/kababi/assets/img/team/img1team.jpg]
[themesflat.com/html/kababi/assets/img/team/img2team.jpg]
[themesflat.com/html/kababi/assets/img/team/img3team.jpg]
[themesflat.com/html/kababi/assets/img/team/img4team.jpg]
[themesflat.com/html/kababi/assets/img/booking/iconbg1.png]
[themesflat.com/html/kababi/assets/img/booking/iconbg2.png]
[themesflat.com/html/kababi/assets/img/booking/img01booking.jpg]
[themesflat.com/html/kababi/assets/img/Testimonial/iconbg1.png]
[themesflat.com/html/kababi/assets/img/Testimonial/iconbg2.png]
[themesflat.com/html/kababi/assets/img/Testimonial/imgtestimonialhome1.jpg]
[themesflat.com/html/kababi/assets/img/blog/img1blohhome01.jpg]
[themesflat.com/html/kababi/assets/img/blog/img2blohhome01.jpg]
[themesflat.com/html/kababi/assets/img/blog/img3blohhome01.jpg]
[themesflat.com/html/kababi/assets/img/brand/imgbrand1.png]
[themesflat.com/html/kababi/assets/img/brand/imgbrand2.png]
[themesflat.com/html/kababi/assets/img/brand/imgbrand3.png]
[themesflat.com/html/kababi/assets/img/brand/imgbrand4.png]
[themesflat.com/html/kababi/assets/img/brand/imgbrand5.png]
[themesflat.com/html/kababi/assets/img/brand/imgbrand6.png]
[themesflat.com/html/kababi/assets/img/logo/logo2.png]
[themesflat.com/html/kababi/assets/img/footer/iconup@2x.png]
[themesflat.com/cdn-cgi/scripts/5c5dd728/cloudflare-static/email-decode.min.js]
[themesflat.com/html/kababi/assets/js/jquery.min.js]
[themesflat.com/html/kababi/assets/js/shortcodes.js]
[themesflat.com/html/kababi/assets/js/main.js]
[themesflat.com/html/kababi/assets/js/countto.js]
[themesflat.com/html/kababi/assets/js/jquery.magnific-popup.min.js]
[themesflat.com/html/kababi/assets/js/jquery-validate.js]
[themesflat.com/html/kababi/assets/js/wow.min.js]
[themesflat.com/html/kababi/index.html]
[themesflat.com/html/kababi/assets/js/swiper.js]
[themesflat.com/html/kababi/assets/css/bootstrap.css]
[themesflat.com/html/kababi/assets/css/swiper-bundle.min.css]
[themesflat.com/html/kababi/assets/js/swiper-bundle.min.js]
[themesflat.com/html/kababi/assets/css/font-awesome.css]
[themesflat.com/html/kababi/assets/css/kababi-icon.css]
[themesflat.com/html/kababi/assets/css/animate.css]
[themesflat.com/html/kababi/assets/css/flaticon.css]
[themesflat.com/html/kababi/assets/css/magnific-popup.css]
[themesflat.com/html/kababi/assets/css/shortcodes.css]
[themesflat.com/html/kababi/assets/css/responsive.css]
[themesflat.com/html/kababi/assets/img/page-title/imgbg-header.png]
[themesflat.com/html/kababi/assets/img/footer/img-ng-footer.jpg]
[themesflat.com/html/kababi/assets/css/style.css]
[themesflat.com/html/kababi/assets/icon/logo.html]
[themesflat.com/html/kababi/assets/icon/icon.png]
[themesflat.com/html/kababi/assets/img/logo/logo3.png]
[themesflat.com/html/kababi/assets/img/slider/icon1slider2.png]
[themesflat.com/html/kababi/assets/img/slider/icon2slider2.png]
[themesflat.com/html/kababi/assets/img/slider/icon3slider2.png]
[themesflat.com/html/kababi/assets/img/slider/icon4slider2.png]
[themesflat.com/html/kababi/assets/img/slider/imgfood2sliderhome2.png]
[themesflat.com/html/kababi/assets/img/slider/imgfood1sliderhome2.jpg]
[themesflat.com/html/kababi/assets/img/about-us/imgbg1home2.jpg]
[themesflat.com/html/kababi/assets/img/about-us/img_signature.png]
[themesflat.com/html/kababi/assets/img/about-us/signature.png]
[themesflat.com/html/kababi/assets/img/about-us/imgbg2home2.jpg]
[themesflat.com/html/kababi/assets/img/flat-tab/img1tabhome02.jpg]
[themesflat.com/html/kababi/assets/img/flat-tab/img2tabhome02.jpg]
[themesflat.com/html/kababi/assets/img/our-menu/img4bg-our-menu.jpg]
[themesflat.com/html/kababi/assets/img/our-menu/img3bg-our-menu.jpg]
[themesflat.com/html/kababi/assets/icon/iconlettece.png]
[themesflat.com/html/kababi/assets/icon/icondelivery.png]
[themesflat.com/html/kababi/assets/icon/iconmoney.png]
[themesflat.com/html/kababi/assets/icon/iconparty.png]
[themesflat.com/html/kababi/assets/img/blog/img4blohhome01.jpg]
[themesflat.com/html/kababi/assets/img/blog/admin.jpg]
[themesflat.com/html/kababi/assets/img/blog/img5blohhome01.jpg]
[themesflat.com/html/kababi/assets/img/blog/img6blohhome01.jpg]
[themesflat.com/html/kababi/assets/img/blog/img7blohhome01.jpg]
[themesflat.com/html/kababi/assets/img/gallery/imggallery10.jpg]
[themesflat.com/html/kababi/assets/img/gallery/imggallery11.jpg]
[themesflat.com/html/kababi/assets/img/gallery/imggallery12.jpg]
[themesflat.com/html/kababi/assets/img/gallery/imggallery13.jpg]
[themesflat.com/html/kababi/assets/img/gallery/imggallery14.jpg]
[themesflat.com/html/kababi/assets/img/brand/imgbrand7.png]
[themesflat.com/html/kababi/assets/img/brand/imgbrand8.png]
[themesflat.com/html/kababi/assets/img/brand/imgbrand9.png]
[themesflat.com/html/kababi/assets/img/brand/imgbrand10.png]
[themesflat.com/html/kababi/assets/img/brand/imgbrand11.png]
[themesflat.com/html/kababi/assets/img/brand/imgbrand12.png]
[themesflat.com/html/kababi/assets/img/footer/iconbg1.png]
[themesflat.com/html/kababi/assets/img/footer/iconbg2.png]
[themesflat.com/html/kababi/assets/img/footer/iconbg3.png]
[themesflat.com/html/kababi/assets/img/footer/iconbg4.png]
[themesflat.com/html/kababi/assets/img/footer/iconuphome2@2x.png]
[themesflat.com/html/kababi/home2.html]
[themesflat.com/html/kababi/assets/img/gallery/img1categorybox.jpg]
[themesflat.com/html/kababi/assets/img/gallery/img2categorybox.jpg]
[themesflat.com/html/kababi/assets/img/gallery/img3categorybox.jpg]
[themesflat.com/html/kababi/assets/img/gallery/img4categorybox.jpg]
[themesflat.com/html/kababi/assets/img/gallery/img5categorybox.jpg]
[themesflat.com/html/kababi/assets/img/gallery/img6categorybox.jpg]
[themesflat.com/html/kababi/assets/img/gallery/img7categorybox.jpg]
[themesflat.com/html/kababi/assets/img/gallery/img8categorybox.jpg]
[themesflat.com/html/kababi/assets/img/about-us/imgabouthome3.jpg]
[themesflat.com/html/kababi/assets/img/about-us/signaturehome3.png]
[themesflat.com/html/kababi/assets/img/our-menu/03_Home_03.png]
[themesflat.com/html/kababi/assets/img/our-menu/img2ourmenu3.png]
[themesflat.com/html/kababi/assets/img/our-menu/img3ourmenu3.png]
[themesflat.com/html/kababi/assets/img/our-menu/img4ourmenu3.png]
[themesflat.com/html/kababi/assets/img/our-menu/img5ourmenu3.png]
[themesflat.com/html/kababi/assets/img/our-menu/img6ourmenu3.png]
[themesflat.com/html/kababi/assets/img/team/img5team.jpg]
[themesflat.com/html/kababi/assets/img/team/img6team.jpg]
[themesflat.com/html/kababi/assets/img/team/img7team.jpg]
[themesflat.com/html/kababi/assets/img/team/img8team.jpg]
[themesflat.com/html/kababi/assets/img/team/img9team.jpg]
[themesflat.com/html/kababi/assets/img/brand/imgbrand13.png]
[themesflat.com/html/kababi/assets/img/brand/imgbrand14.png]
[themesflat.com/html/kababi/assets/img/brand/imgbrand15.png]
[themesflat.com/html/kababi/assets/img/brand/imgbrand16.png]
[themesflat.com/html/kababi/assets/img/brand/imgbrand17.png]
[themesflat.com/html/kababi/assets/img/brand/imgbrand18.png]
[themesflat.com/html/kababi/assets/img/gallery/imggallery7.jpg]
[themesflat.com/html/kababi/assets/img/gallery/imggallery8.jpg]
[themesflat.com/html/kababi/assets/img/gallery/imggallery9.jpg]
[themesflat.com/html/kababi/assets/img/Testimonial/img1testihome3.png]
[themesflat.com/html/kababi/assets/img/Testimonial/img2testihome3.png]
[themesflat.com/html/kababi/assets/img/blog/img8blohhome01.jpg]
[themesflat.com/html/kababi/assets/img/blog/authorpost3.png]
[themesflat.com/html/kababi/assets/img/blog/img9blohhome01.jpg]
[themesflat.com/html/kababi/assets/img/blog/img10blohhome01.jpg]
[themesflat.com/html/kababi/assets/img/blog/img11blohhome01.jpg]
[themesflat.com/html/kababi/home3.html]
[themesflat.com/html/kababi/assets/js/parallax.js]
[themesflat.com/html/kababi/assets/img/about-us/img1about.jpg]
[themesflat.com/html/kababi/about.html]
[themesflat.com/html/kababi/assets/img/team/img10team.jpg]
[themesflat.com/html/kababi/assets/img/team/img11team.jpg]
[themesflat.com/html/kababi/assets/img/team/img12team.jpg]
[themesflat.com/html/kababi/assets/img/team/img13team.jpg]
[themesflat.com/html/kababi/assets/img/team/img14team.jpg]
[themesflat.com/html/kababi/assets/img/team/img15team.jpg]
[themesflat.com/html/kababi/assets/img/team/img16team.jpg]
[themesflat.com/html/kababi/assets/img/team/img17team.jpg]
[themesflat.com/html/kababi/assets/img/team/img18team.jpg]
[themesflat.com/html/kababi/our-chefs.html]
[themesflat.com/html/kababi/assets/img/flat-tab/img1ourmenu.png]
[themesflat.com/html/kababi/assets/img/flat-tab/img2ourmenu.png]
[themesflat.com/html/kababi/assets/img/flat-tab/img3ourmenu.png]
[themesflat.com/html/kababi/assets/img/flat-tab/img4ourmenu.png]
[themesflat.com/html/kababi/assets/img/flat-tab/img5ourmenu.png]
[themesflat.com/html/kababi/assets/img/flat-tab/img6ourmenu.png]
[themesflat.com/html/kababi/our-menu.html]
[themesflat.com/html/kababi/assets/img/flat-tab/img7ourmenu.png]
[themesflat.com/html/kababi/assets/img/flat-tab/img8ourmenu.png]
[themesflat.com/html/kababi/our-menu2.html]
[themesflat.com/html/kababi/assets/img/banner/img1Reservation.jpg]
[themesflat.com/html/kababi/assets/img/banner/img2Reservation.jpg]
[themesflat.com/html/kababi/reservation.html]
[themesflat.com/html/kababi/assets/img/shop/img-shop.jpg]
[themesflat.com/html/kababi/assets/img/shop/item1.jpg]
[themesflat.com/html/kababi/assets/img/shop/item2.jpg]
[themesflat.com/html/kababi/assets/img/shop/item3.jpg]
[themesflat.com/html/kababi/assets/img/shop/item4.jpg]
[themesflat.com/html/kababi/assets/img/shop/item5.jpg]
[themesflat.com/html/kababi/assets/img/shop/item6.jpg]
[themesflat.com/html/kababi/assets/img/shop/item7.jpg]
[themesflat.com/html/kababi/assets/img/shop/item8.jpg]
[themesflat.com/html/kababi/assets/img/shop/item9.jpg]
[themesflat.com/html/kababi/assets/img/shop/item10.jpg]
[themesflat.com/html/kababi/assets/img/shop/item11.jpg]
[themesflat.com/html/kababi/assets/img/shop/item12.jpg]
[themesflat.com/html/kababi/our-shop.html]
[themesflat.com/html/kababi/assets/js/fiter.js]
[themesflat.com/html/kababi/assets/img/shop/item1shopdetails.jpg]
[themesflat.com/html/kababi/assets/img/shop/item2shopdetails.jpg]
[themesflat.com/html/kababi/assets/img/shop/item3shopdetails.jpg]
[themesflat.com/html/kababi/assets/img/shop/item4shopdetails.jpg]
[themesflat.com/html/kababi/assets/img/blog/img1comment.png]
[themesflat.com/html/kababi/assets/img/blog/img2comment.png]
[themesflat.com/html/kababi/assets/img/blog/img3comment.png]
[themesflat.com/html/kababi/assets/img/shop/item13.jpg]
[themesflat.com/html/kababi/assets/img/shop/item14.jpg]
[themesflat.com/html/kababi/assets/img/shop/item15.jpg]
[themesflat.com/html/kababi/assets/img/shop/item16.jpg]
[themesflat.com/html/kababi/shop-details.html]
[themesflat.com/html/kababi/contact.html]
[themesflat.com/html/kababi/assets/css/bootstrap.css]
[themesflat.com/html/kababi/assets/css/swiper-bundle.min.css]
[themesflat.com/html/kababi/assets/font/fa-brands-400.eot]
[themesflat.com/html/kababi/assets/font/fa-brands-400d41d.eot]
[themesflat.com/html/kababi/assets/font/fa-brands-400.woff]
[themesflat.com/html/kababi/assets/font/fa-brands-400.ttf]
[themesflat.com/html/kababi/assets/font/fa-brands-400.svg]
[themesflat.com/html/kababi/assets/font/fa-duotone-900.eot]
[themesflat.com/html/kababi/assets/font/fa-duotone-900d41d.eot]
[themesflat.com/html/kababi/assets/font/fa-duotone-900.woff]
[themesflat.com/html/kababi/assets/font/fa-duotone-900.ttf]
[themesflat.com/html/kababi/assets/css//font/fa-light-300.eot]
[themesflat.com/html/kababi/assets/font/fa-light-300d41d.eot]
[themesflat.com/html/kababi/assets/font/fa-light-300.woff]
[themesflat.com/html/kababi/assets/font/fa-light-300.ttf]
[themesflat.com/html/kababi/assets/font/fa-duotone-900.svg]
[themesflat.com/html/kababi/assets/font/fa-light-300.svg]
[themesflat.com/html/kababi/assets/font/fa-regular-400d41d.eot]
[themesflat.com/html/kababi/assets/font/fa-regular-400.woff]
[themesflat.com/html/kababi/assets/font/fa-regular-400.ttf]
[themesflat.com/html/kababi/assets/font/fa-solid-900.eot]
[themesflat.com/html/kababi/assets/font/fa-solid-900d41d.eot]
[themesflat.com/html/kababi/assets/font/fa-solid-900.woff]
[themesflat.com/html/kababi/assets/font/fa-regular-400.svg]
[themesflat.com/html/kababi/assets/font/fa-solid-900.ttf]
[themesflat.com/html/kababi/assets/css/font-awesome.css]
[themesflat.com/html/kababi/assets/font/kababi.eot]
[themesflat.com/html/kababi/assets/font/fa-solid-900.svg]
[themesflat.com/html/kababi/assets/font/kababi.ttf]
[themesflat.com/html/kababi/assets/font/kababi.woff]
[themesflat.com/html/kababi/assets/css/kababi-icon.css]
[themesflat.com/html/kababi/assets/css/animate.css]
[themesflat.com/html/kababi/assets/font/kababi.svg]
[themesflat.com/html/kababi/assets/font/flaticon.ttf]
[themesflat.com/html/kababi/assets/font/flaticon.woff]
[themesflat.com/html/kababi/assets/font/flaticon.eot]
[themesflat.com/html/kababi/assets/css/flaticon.css]
[themesflat.com/html/kababi/assets/css/magnific-popup.css]
[themesflat.com/html/kababi/assets/font/flaticon.svg]
[themesflat.com/html/kababi/assets/img/banner/imgbgvideohome3.jpg]
[themesflat.com/html/kababi/assets/img/slider/img_bg_slider_home01.jpg]
[themesflat.com/html/kababi/assets/img/page-title/imgpagetitlehome3.jpg]
[themesflat.com/html/kababi/assets/img/slider/imgsliderhome2.jpg]
[themesflat.com/html/kababi/assets/img/slider/img2sliderhome2.jpg]
[themesflat.com/html/kababi/assets/img/page-title/imgbgpagetitleinner.jpg]
[themesflat.com/html/kababi/assets/img/banner/imgbgcategory.jpg]
[themesflat.com/html/kababi/assets/img/about-us/imgbgabouthome2.jpg]
[themesflat.com/html/kababi/assets/img/our-chefs/imgbg-ourchefs.jpg]
[themesflat.com/html/kababi/assets/img/our-chefs/imgbg-countto.png]
[themesflat.com/html/kababi/assets/img/Testimonial/imgtestimonialhome2.jpg]
[themesflat.com/html/kababi/assets/img/slider/imgbg2slider.jpg]
[themesflat.com/html/kababi/assets/img/our-chefs/imgbgourchef-about.jpg]
[themesflat.com/html/kababi/assets/img/banner/imgbgReservation.jpg]
[themesflat.com/html/kababi/assets/img/banner/imgbgthankyou.jpg]
[themesflat.com/html/kababi/assets/css/shortcodes.css]
[themesflat.com/html/kababi/assets/css/responsive.css]
[themesflat.com/html/kababi/assets/font/fa-brands-400.html]
[themesflat.com/html/kababi/assets/font/fa-brands-400.svg]
[themesflat.com/html/kababi/assets/font/fa-duotone-900.html]
[themesflat.com/html/kababi/assets/font/fa-duotone-900.svg]
[themesflat.com/html/kababi/assets/css//font/fa-light-300.html]
[themesflat.com/html/kababi/assets/font/fa-light-300.html]
[themesflat.com/html/kababi/assets/font/fa-light-300.svg]
[themesflat.com/html/kababi/assets/font/fa-regular-400.html]
[themesflat.com/html/kababi/assets/font/fa-regular-400.svg]
[themesflat.com/html/kababi/assets/font/fa-solid-900.html]
[themesflat.com/html/kababi/assets/font/fa-solid-900.svg]
[themesflat.com/html/kababi/assets/font/kababi.svg]
[themesflat.com/html/kababi/assets/font/flaticon.html]
[themesflat.com/html/kababi/assets/font/flaticon.svg]
[themesflat.com/html/kababi/assets/img/slider/imgbg2slider.html]
[themesflat.com/html/kababi/assets/font/fa-regular-400.eot]
